input:
  content: AI is a field of study in computer science.
  questions:
  - Provide a summary and key points.
output:
  question_count: 1
  answers:
  - summary='This is a mocked summary of the content provided.'
    key_points=['This is the first key point.', 'This is the second key point.']
  efficiency:
    individual_token_efficiency:
    batch_token_efficiency:
    token_efficiency_ratio:
    overall_efficiency:
    meets_target: true
    cache_efficiency:
      individual_cache_ratio: 0.0
      batch_cache_ratio: 0.0
      cache_enabled: false
    comparison_available: false
    cache_aware_calculation: false
  metrics:
    batch:
      calls: 1
      prompt_tokens: 120
      output_tokens: 0
      cached_tokens: 0
      total_tokens: 120
      effective_tokens: 120
      cache_hit_ratio: 0.0
    individual:
      calls: 0
      prompt_tokens: 0
      output_tokens: 0
      cached_tokens: 0
      total_tokens: 0
      effective_tokens: 0
      cache_hit_ratio: 0.0
  cache_summary:
    cache_enabled: false
  structured_data:
    summary: This is a mocked summary of the content provided.
    key_points:
    - This is the first key point.
    - This is the second key point.
  usage:
    prompt_tokens: 120
    output_tokens: 0
    total_tokens: 120
    cached_tokens: 0
    effective_tokens: 120
    cache_hit_ratio: 0.0
