# This file characterizes the explicit caching behavior of the GeminiClient.
# It defines the expected sequence of low-level API calls when the same
# large content is processed twice.
input:
  # Input is defined in the test itself (large_content, question)
  # This section is for documentation purposes.
  content: A very large piece of text content...
  question: What is the summary?
interaction_log:
- method: caches.create
- method: generate_content
  cached_content: cachedContents/mock-cache-123
- method: generate_content
  cached_content: cachedContents/mock-cache-123
