# Characterizes the processing of a list with mixed content types.
# Verifies that both plain text and file paths are processed correctly.
input:
  source_list:
  - This is a plain text source.
  - /test_data/report.txt
extracted_contents:
- content: This is a plain text source.
  extraction_method: direct_text
  file_info:
    name: text_content
    file_type: text
    extension: ''
    mime_type: text/plain
  requires_api_upload: false
  processing_strategy: text_only
- content: ''
  extraction_method: gemini_native
  file_info:
    name: report.txt
    file_type: text
    extension: .txt
    mime_type: text/plain
  requires_api_upload: false
  processing_strategy: inline
