# This file characterizes the output of the content processing pipeline
# when it is given a directory as input. It verifies that the processor
# correctly scans the directory, identifies supported files, extracts
# their metadata, and ignores files that should be excluded.
input:
  source_path: /test_data/docs   # This path will be created in the fake filesystem
extracted_contents:
- content: ''
  extraction_method: gemini_native
  file_info:
    name: main_document.txt
    file_type: text
    extension: .txt
    mime_type: text/plain
  requires_api_upload: false
  processing_strategy: inline
- content: ''
  extraction_method: gemini_native
  file_info:
    name: notes.md
    file_type: text
    extension: .md
    mime_type: text/plain
  requires_api_upload: false
  processing_strategy: inline
