# This file characterizes the fallback behavior of the BatchProcessor.
# It simulates a scenario where the initial batch API call fails, forcing
# the processor to make individual calls for each question. The expected
# output reflects the successful results from these fallback calls.
input:
  content: Some content that will cause a batch failure.
  questions:
  - First question
  - Second question
output:
  question_count: 2
  answers:
  - Answer from individual call 1.
  - Answer from individual call 2.
  efficiency:
    individual_token_efficiency:
    batch_token_efficiency:
    token_efficiency_ratio:
    overall_efficiency:
    meets_target: true
    cache_efficiency:
      individual_cache_ratio: 0.0
      batch_cache_ratio: 0.0
      cache_enabled: false
    comparison_available: false
    cache_aware_calculation: false
  metrics:
    batch:
      calls: 2
      prompt_tokens: 125
      output_tokens: 0
      cached_tokens: 0
      total_tokens: 125
      effective_tokens: 125
      cache_hit_ratio: 0.0
    individual:
      calls: 0
      prompt_tokens: 0
      output_tokens: 0
      cached_tokens: 0
      total_tokens: 0
      effective_tokens: 0
      cache_hit_ratio: 0.0
  cache_summary:
    cache_enabled: false
  usage:
    prompt_tokens: 125
    output_tokens: 0
    total_tokens: 125
    cached_tokens: 0
    effective_tokens: 125
    cache_hit_ratio: 0.0
