input:
  content: Machine learning enables pattern recognition in data.
  questions:
  - What is machine learning?
  - What does it enable?
output:
  question_count: 2
  answers:
  - Mocked answer for question 1
  - Mocked answer for question 2
  efficiency:
    individual_token_efficiency:
    batch_token_efficiency:
    token_efficiency_ratio:
    overall_efficiency:
    meets_target: true
    cache_efficiency:
      individual_cache_ratio: 0.0
      batch_cache_ratio: 0.0
      cache_enabled: false
    comparison_available: false
    cache_aware_calculation: false
  metrics:
    batch:
      calls: 1
      prompt_tokens: 0
      output_tokens: 0
      cached_tokens: 0
      total_tokens: 0
      effective_tokens: 0
      cache_hit_ratio: 0.0
    individual:
      calls: 0
      prompt_tokens: 0
      output_tokens: 0
      cached_tokens: 0
      total_tokens: 0
      effective_tokens: 0
      cache_hit_ratio: 0.0
  cache_summary:
    cache_enabled: false
  usage:
    prompt_tokens: 0
    output_tokens: 0
    total_tokens: 0
    cached_tokens: 0
    effective_tokens: 0
    cache_hit_ratio: 0.0
