# Characterizes the processing of an arXiv URL.
# Verifies it's identified as a PDF and prepared for download + API upload.
input:
  source_url: https://arxiv.org/pdf/1503.02531
extracted_contents:
- content: ''
  extraction_method: arxiv_pdf_download
  file_info:
    name: arxiv_paper_1503.02531
    file_type: pdf
    extension: .pdf
    mime_type: application/pdf
  requires_api_upload: false
  processing_strategy: upload
