input:
  sources:
  - This is the initial document for our conversation.
  questions:
  - What is the first thing I should know?
  - Based on that, what is the second thing?
final_history:
- question: What is the first thing I should know?
  answer: Answer to the first question.
  error:
- question: Based on that, what is the second thing?
  answer: Answer to the second question, considering the first.
  error:
