# Characterizes the processing of a YouTube URL.
# Verifies that it's identified as a video and prepared for the API.
input:
  source_url: https://www.youtube.com/watch?v=u1_K4UeAl-s
extracted_contents:
- content: ''
  extraction_method: youtube_api
  file_info:
    name: youtube_video
    file_type: video
    extension: ''
    mime_type: video/youtube
  requires_api_upload: false
  processing_strategy: url
